
> sparkle-news-network@0.1.0 build
> next build

Ôû▓ Next.js 16.2.10 (Turbopack)
- Environments: .env

  Creating an optimized production build ...
Ô£ô Compiled successfully in 26.0s
  Running TypeScript ...
  Finished TypeScript in 18.9s ...
  Collecting page data using 7 workers ...
  Generating static pages using 7 workers (0/78) ...
  Generating static pages using 7 workers (19/78) 
Admin Users Data: undefined
  Generating static pages using 7 workers (38/78) 
  Generating static pages using 7 workers (58/78) 
Connected to MongoDB Atlas
Ô£ô Generating static pages using 7 workers (78/78) in 2.7s
  Finalizing page optimization ...

Route (app)
Ôöî ãÆ /
Ôö£ Ôùï /_not-found
Ôö£ Ôùï /a-propos
Ôö£ Ôùï /actualites
Ôö£ Ôùï /admin
Ôö£ Ôùï /admin/ai-generator
Ôö£ Ôùï /admin/ai-images
Ôö£ Ôùï /admin/ai-logs
Ôö£ Ôùï /admin/ai-prompt-studio
Ôö£ Ôùï /admin/ai-providers
Ôö£ Ôùï /admin/ai-studio
Ôö£ Ôùï /admin/ai-templates
Ôö£ Ôùï /admin/analytics
Ôö£ Ôùï /admin/articles
Ôö£ ãÆ /admin/articles/[id]
Ôö£ ãÆ /admin/articles/[id]/modifier
Ôö£ Ôùï /admin/articles/nouveau
Ôö£ Ôùï /admin/categories
Ôö£ Ôùï /admin/commentaires
Ôö£ Ôùï /admin/messages
Ôö£ Ôùï /admin/newsletter
Ôö£ Ôùï /admin/plugins
Ôö£ Ôùï /admin/publishing
Ôö£ Ôùï /admin/settings
Ôö£ Ôùï /admin/sponsors
Ôö£ Ôùï /admin/utilisateurs
Ôö£ ãÆ /api/admin/articles
Ôö£ ãÆ /api/admin/articles/[id]
Ôö£ ãÆ /api/admin/categories
Ôö£ ãÆ /api/admin/categories/[id]
Ôö£ ãÆ /api/admin/comments
Ôö£ ãÆ /api/admin/comments/[id]
Ôö£ ãÆ /api/admin/contact-messages
Ôö£ ãÆ /api/admin/extended/ai-providers
Ôö£ ãÆ /api/admin/extended/ai-providers/[id]
Ôö£ ãÆ /api/admin/extended/plugins
Ôö£ ãÆ /api/admin/extended/plugins/[id]/toggle
Ôö£ ãÆ /api/admin/extended/settings
Ôö£ ãÆ /api/admin/extended/settings/[key]
Ôö£ ãÆ /api/admin/extended/social-accounts
Ôö£ ãÆ /api/admin/extended/social-queue
Ôö£ ãÆ /api/admin/extended/social-queue/[id]
Ôö£ ãÆ /api/admin/extended/studio/generate
Ôö£ ãÆ /api/admin/messages
Ôö£ ãÆ /api/admin/messages/[id]
Ôö£ ãÆ /api/admin/newsletter
Ôö£ ãÆ /api/admin/newsletter-subscribers
Ôö£ ãÆ /api/admin/notifications
Ôö£ ãÆ /api/admin/notifications/mark-read
Ôö£ ãÆ /api/admin/sponsors
Ôö£ ãÆ /api/admin/sponsors/[id]
Ôö£ ãÆ /api/admin/sponsors/[id]/toggle
Ôö£ ãÆ /api/admin/stats
Ôö£ ãÆ /api/admin/upload
Ôö£ ãÆ /api/admin/upload-image
Ôö£ ãÆ /api/admin/users
Ôö£ ãÆ /api/admin/users/[id]
Ôö£ ãÆ /api/articles
Ôö£ ãÆ /api/articles/[slug]
Ôö£ ãÆ /api/articles/[slug]/similar
Ôö£ ãÆ /api/articles/featured
Ôö£ ãÆ /api/articles/popular
Ôö£ ãÆ /api/auth/confirm-email
Ôö£ ãÆ /api/auth/forgot-password
Ôö£ ãÆ /api/auth/google
Ôö£ ãÆ /api/auth/login
Ôö£ ãÆ /api/auth/me
Ôö£ ãÆ /api/auth/register
Ôö£ ãÆ /api/auth/reset-password
Ôö£ ãÆ /api/categories
Ôö£ ãÆ /api/categories/[slug]
Ôö£ ãÆ /api/comments
Ôö£ ãÆ /api/comments/[id]
Ôö£ ãÆ /api/contact
Ôö£ ãÆ /api/favorites
Ôö£ ãÆ /api/favorites/[articleId]
Ôö£ ãÆ /api/health
Ôö£ ãÆ /api/likes/[articleId]
Ôö£ ãÆ /api/newsletter/subscribe
Ôö£ ãÆ /api/newsletter/unsubscribe
Ôö£ ãÆ /api/sponsors
Ôö£ ãÆ /api/stats
Ôö£ ãÆ /api/users/me
Ôö£ ãÆ /api/users/me/reading-history
Ôö£ Ôùï /article-cards-preview
Ôö£ ãÆ /article/[slug]
Ôö£ Ôùï /categories
Ôö£ ãÆ /categories/[slug]
Ôö£ Ôùï /confirm-email
Ôö£ Ôùï /connexion
Ôö£ Ôùï /contact
Ôö£ Ôùï /dashboard
Ôö£ Ôùï /dashboard/profil
Ôö£ Ôùï /inscription
Ôö£ Ôùï /mot-de-passe-oublie
Ôö£ Ôùï /recherche
Ôöö Ôùï /reset-password


Ôùï  (Static)   prerendered as static content
ãÆ  (Dynamic)  server-rendered on demand

